Microchip MPLAB XC8 Compiler V2.40

Linker command line:

-W-3 \
  --edf=C:\Program Files\Microchip\xc8\v2.40\pic\dat\20220703182018_en.msgs \
  -cn -h+dist/default/debug\Laboratorio4.X.debug.sym \
  --cmf=dist/default/debug\Laboratorio4.X.debug.cmf -z -Q18F4550 \
  -oC:\Users\Andres\AppData\Local\Temp\xcAsb6o.4 \
  -Mdist/default/debug/Laboratorio4.X.debug.map \
  --md=C:\Users\Andres\AppData\Local\Temp\xcAsb6o.dat -E1 -ver=XC8 Compiler \
  -ACODE=00h-07FFFh -ACONST=00h-07FFFh -ASMALLCONST=0800h-08FFhx120 \
  -AMEDIUMCONST=0800h-07FFFh -ACOMRAM=01h-05Fh -AABS1=00h-07FFh \
  -ABIGRAM=01h-07FFh -ARAM=060h-0FFh,0100h-01FFhx7 -ABANK0=060h-0FFh \
  -ABANK1=0100h-01FFh -ABANK2=0200h-02FFh -ABANK3=0300h-03FFh \
  -ABANK4=0400h-04FFh -ABANK5=0500h-05FFh -ABANK6=0600h-06FFh \
  -ABANK7=0700h-07FFh -ASFR=0F60h-0FFFh -ABIGSFR=0F60h-0FFFh \
  -ACONFIG=0300000h-030000Dh -AIDLOC=0200000h-0200007h \
  -AEEDATA=0F00000h-0F000FFh -peeprom_data=EEDATA \
  -preset_vec=00h,intcode=08h,intcodelo,powerup,init -pramtop=0800h \
  -psmallconst=SMALLCONST -pmediumconst=MEDIUMCONST -pconst=CONST \
  -AFARRAM=00h-00h \
  -prdata=COMRAM,nvrram=COMRAM,nvbit=COMRAM,rbss=COMRAM,rbit=COMRAM \
  -pfarbss=FARRAM,fardata=FARRAM,nvFARRAM=FARRAM \
  -pintsave_regs=BIGRAM,bigbss=BIGRAM,bigdata=BIGRAM -pbss=RAM \
  -pidata=CODE,irdata=CODE,ibigdata=CODE,ifardata=CODE -prparam=COMRAM \
  C:\Users\Andres\AppData\Local\Temp\xcAsb6o.obj \
  dist/default/debug\Laboratorio4.X.debug.obj 

Object code version is 3.11

Machine type is 18F4550



                Name                               Link     Load   Length Selector   Space Scale
C:\Users\Andres\AppData\Local\Temp\xcAsb6o.obj
                idloc                            200000   200000        8        0       5
                config                           300000   300000        E        0       4
                init                                  E        E        4        4       0
                reset_vec                             0        0        4        0       0
dist/default/debug\Laboratorio4.X.debug.obj
                intcode                               8        8        6        4       0
                idloc                            200000   200000        8        0       5
                config                           300000   300000        E        0       4
                temp                                 2D       2D        1        1       1
                smallconst                          800      800       1E      400       0
                intcode_body                       10E2     10E2       1E      40F       0
                text14                              E50      E50       7A      40F       0
                text13                             1140     1140        E      40F       0
                text12                              F20      F20       56      40F       0
                text11                             114E     114E        8      40F       0
                text10                             1116     1116       16      40F       0
                text9                              112C     112C       14      40F       0
                text8                              100A     100A       42      40F       0
                text7                               DAE      DAE       A2      40F       0
                text6                              1100     1100       16      40F       0
                text5                              1086     1086       36      40F       0
                text4                               ECA      ECA       56      40F       0
                text3                               F76      F76       52      40F       0
                text2                               FC8      FC8       42      40F       0
                text1                              10BC     10BC       26      40F       0
                text0                               81E      81E      590      40F       0
                cstackCOMRAM                         16       16       13        1       1
                dataCOMRAM                           29       29        4        1       1
                bssCOMRAM                             1        1       15        1       1
                cinit                              104C     104C       3A      40F       0
                idataCOMRAM                        1156     1156        4      40F       0

TOTAL           Name                               Link     Load   Length     Space
        CLASS   CODE           
                intcode                               8        8        6         0
                init                                  E        E        4         0
                reset_vec                             0        0        4         0
                intcode_body                       10E2     10E2       1E         0
                text14                              E50      E50       7A         0
                text13                             1140     1140        E         0
                text12                              F20      F20       56         0
                text11                             114E     114E        8         0
                text10                             1116     1116       16         0
                text9                              112C     112C       14         0
                text8                              100A     100A       42         0
                text7                               DAE      DAE       A2         0
                text6                              1100     1100       16         0
                text5                              1086     1086       36         0
                text4                               ECA      ECA       56         0
                text3                               F76      F76       52         0
                text2                               FC8      FC8       42         0
                text1                              10BC     10BC       26         0
                text0                               81E      81E      590         0
                cinit                              104C     104C       3A         0
                idataCOMRAM                        1156     1156        4         0

        CLASS   CONST          

        CLASS   SMALLCONST     
                smallconst                          800      800       1E         0

        CLASS   MEDIUMCONST    

        CLASS   COMRAM         
                temp                                 2D       2D        1         1
                cstackCOMRAM                         16       16       13         1
                dataCOMRAM                           29       29        4         1
                bssCOMRAM                             1        1       15         1

        CLASS   ABS1           

        CLASS   BIGRAM         

        CLASS   RAM            

        CLASS   BANK0          

        CLASS   BANK1          

        CLASS   BANK2          

        CLASS   BANK3          

        CLASS   BANK4          

        CLASS   BANK5          

        CLASS   BANK6          

        CLASS   BANK7          

        CLASS   SFR            

        CLASS   BIGSFR         

        CLASS   CONFIG         
                config                           300000   300000        E         4

        CLASS   IDLOC          
                idloc                            200000   200000        8         5

        CLASS   EEDATA         

        CLASS   FARRAM         

        CLASS   HEAP           

        CLASS   STACK          



SEGMENTS        Name                           Load    Length   Top    Selector   Space  Class

                reset_vec                      000000  000004  000004         0       0  CODE    
                bssCOMRAM                      000001  00002D  00002E         1       1  COMRAM  
                intcode                        000008  00000A  000012         4       0  CODE    
                smallconst                     000800  00001E  00081E       400       0  SMALLCON
                text0                          00081E  00093C  00115A       40F       0  CODE    


UNUSED ADDRESS RANGES

        Name                Unused          Largest block    Delta
        BANK0            000060-0000FF               A0
        BANK1            000100-0001FF              100
        BANK2            000200-0002FF              100
        BANK3            000300-0003FF              100
        BANK4            000400-0004FF              100
        BANK5            000500-0005FF              100
        BANK6            000600-0006FF              100
        BANK7            000700-0007FF              100
        BIGRAM           00002E-0007FF              7D2
        BIGSFR           000F60-000FFF               A0
        CODE             000004-000007                4
                         000012-0007FF              7EE
                         00115A-007FFF             6EA6
        COMRAM           00002E-00005F               32
        CONST            000004-000007                4
                         000012-0007FF              7EE
                         00115A-007FFF             6EA6
        EEDATA           F00000-F000FF              100
        MEDIUMCONST      00115A-007FFF             6EA6
        RAM              000060-0007FF              100
        SFR              000F60-000FFF               A0
        SMALLCONST       00115A-007FFF              100

                                  Symbol Table

?___lmul                 cstackCOMRAM 000016
?___lwdiv                cstackCOMRAM 00001C
?___lwmod                cstackCOMRAM 000016
?___wmul                 cstackCOMRAM 000016
DireccionaLCD@a          cstackCOMRAM 000019
EnviaDato@a              cstackCOMRAM 000018
EscribeLCD_c@a           cstackCOMRAM 000019
MensajeLCD_Word@a        cstackCOMRAM 00001A
MensajeLCD_Word@i        cstackCOMRAM 00001C
RetardoLCD@a             cstackCOMRAM 000017
_ADCON1                  (abs)        000FC1
_BorraLCD                text9        00112C
_ColorRGB                text14       000E50
_DireccionaLCD           text10       001116
_EnviaDato               text11       00114E
_EscribeLCD_c            text6        001100
_GIE                     (abs)        007F97
_HabilitaLCD             text13       001140
_ISR                     intcode      000008
_InicializaLCD           text8        00100A
_LATB                    (abs)        000F8A
_LATC                    (abs)        000F8B
_LATD                    (abs)        000F8C
_LATE0                   (abs)        007C68
_LATE1                   (abs)        007C69
_LATE2                   (abs)        007C6A
_LeerTeclado             text7        000DAE
_MensajeLCD_Word         text5        001086
_RB4                     (abs)        007C0C
_RB5                     (abs)        007C0D
_RB6                     (abs)        007C0E
_RB7                     (abs)        007C0F
_RBPU                    (abs)        007F8F
_RetardoLCD              text12       000F20
_T0CON                   (abs)        000FD5
_TMR0                    (abs)        000FD6
_TMR0IE                  (abs)        007F95
_TMR0IF                  (abs)        007F92
_TMR0ON                  (abs)        007EAF
_TRISB                   (abs)        000F93
_TRISC                   (abs)        000F94
_TRISD                   (abs)        000F95
_TRISE                   (abs)        000F96
_Tecla                   bssCOMRAM    000011
__HRAM                   (abs)        000000
__Habs1                  abs1         000000
__Hbank0                 bank0        000000
__Hbank1                 bank1        000000
__Hbank2                 bank2        000000
__Hbank3                 bank3        000000
__Hbank4                 bank4        000000
__Hbank5                 bank5        000000
__Hbank6                 bank6        000000
__Hbank7                 bank7        000000
__Hbigbss                bigbss       000000
__Hbigdata               bigdata      000000
__Hbigram                bigram       000000
__Hbigsfr                bigsfr       000000
__Hbss                   bss          000000
__HbssCOMRAM             bssCOMRAM    000000
__Hcinit                 cinit        000000
__Hclrtext               clrtext      000000
__Hcomram                comram       000000
__Hconfig                config       30000E
__Hconst                 const        000000
__HcstackCOMRAM          cstackCOMRAM 000000
__Hdata                  data         000000
__HdataCOMRAM            dataCOMRAM   000000
__Heeprom_data           eeprom_data  000000
__Hfarbss                farbss       000000
__Hfardata               fardata      000000
__Hheap                  heap         000000
__Hibigdata              ibigdata     000000
__Hidata                 idata        000000
__HidataCOMRAM           idataCOMRAM  000000
__Hidloc                 idloc        200008
__Hifardata              ifardata     000000
__Hinit                  init         000012
__Hintcode               intcode      00000E
__Hintcode_body          intcode_body 000000
__Hintcodelo             intcodelo    00000E
__Hintentry              intentry     000000
__Hintret                intret       000000
__Hintsave_regs          intsave_regs 000000
__Hirdata                irdata       000000
__Hmediumconst           mediumconst  000000
__HnvFARRAM              nvFARRAM     000000
__Hnvbit                 nvbit        000000
__Hnvrram                nvrram       000000
__Hparam                 rparam       000000
__Hpowerup               powerup      00000E
__Hram                   ram          000000
__Hramtop                ramtop       000800
__Hrbit                  rbit         000000
__Hrbss                  rbss         000000
__Hrdata                 rdata        000000
__Hreset_vec             reset_vec    000004
__Hrparam                rparam       000000
__Hsfr                   sfr          000000
__Hsmallconst            smallconst   00081E
__Hspace_0               (abs)        00115A
__Hspace_1               (abs)        00002E
__Hspace_2               (abs)        000000
__Hspace_4               (abs)        60000E
__Hstack                 stack        000000
__Hstruct                struct       000000
__Htemp                  temp         00002E
__Htext                  text         000000
__Htext0                 text0        000000
__Htext1                 text1        000000
__Htext10                text10       000000
__Htext11                text11       000000
__Htext12                text12       000000
__Htext13                text13       000000
__Htext14                text14       000000
__Htext2                 text2        000000
__Htext3                 text3        000000
__Htext4                 text4        000000
__Htext5                 text5        000000
__Htext6                 text6        000000
__Htext7                 text7        000000
__Htext8                 text8        000000
__Htext9                 text9        000000
__LRAM                   (abs)        000001
__Labs1                  abs1         000000
__Lbank0                 bank0        000000
__Lbank1                 bank1        000000
__Lbank2                 bank2        000000
__Lbank3                 bank3        000000
__Lbank4                 bank4        000000
__Lbank5                 bank5        000000
__Lbank6                 bank6        000000
__Lbank7                 bank7        000000
__Lbigbss                bigbss       000000
__Lbigdata               bigdata      000000
__Lbigram                bigram       000000
__Lbigsfr                bigsfr       000000
__Lbss                   bss          000000
__LbssCOMRAM             bssCOMRAM    000000
__Lcinit                 cinit        000000
__Lclrtext               clrtext      000000
__Lcomram                comram       000000
__Lconfig                config       000000
__Lconst                 const        000000
__LcstackCOMRAM          cstackCOMRAM 000000
__Ldata                  data         000000
__LdataCOMRAM            dataCOMRAM   000000
__Leeprom_data           eeprom_data  000000
__Lfarbss                farbss       000000
__Lfardata               fardata      000000
__Lheap                  heap         000000
__Libigdata              ibigdata     000000
__Lidata                 idata        000000
__LidataCOMRAM           idataCOMRAM  000000
__Lidloc                 idloc        000000
__Lifardata              ifardata     000000
__Linit                  init         00000E
__Lintcode               intcode      000008
__Lintcode_body          intcode_body 000000
__Lintcodelo             intcodelo    00000E
__Lintentry              intentry     000000
__Lintret                intret       000000
__Lintsave_regs          intsave_regs 000000
__Lirdata                irdata       000000
__Lmediumconst           mediumconst  000000
__LnvFARRAM              nvFARRAM     000000
__Lnvbit                 nvbit        000000
__Lnvrram                nvrram       000000
__Lparam                 rparam       000000
__Lpowerup               powerup      00000E
__Lram                   ram          000000
__Lramtop                ramtop       000800
__Lrbit                  rbit         000000
__Lrbss                  rbss         000000
__Lrdata                 rdata        000000
__Lreset_vec             reset_vec    000000
__Lrparam                rparam       000000
__Lsfr                   sfr          000000
__Lsmallconst            smallconst   000800
__Lspace_0               (abs)        000000
__Lspace_1               (abs)        000000
__Lspace_2               (abs)        000000
__Lspace_4               (abs)        000000
__Lstack                 stack        000000
__Lstruct                struct       000000
__Ltemp                  temp         00002D
__Ltext                  text         000000
__Ltext0                 text0        000000
__Ltext1                 text1        000000
__Ltext10                text10       000000
__Ltext11                text11       000000
__Ltext12                text12       000000
__Ltext13                text13       000000
__Ltext14                text14       000000
__Ltext2                 text2        000000
__Ltext3                 text3        000000
__Ltext4                 text4        000000
__Ltext5                 text5        000000
__Ltext6                 text6        000000
__Ltext7                 text7        000000
__Ltext8                 text8        000000
__Ltext9                 text9        000000
__S0                     (abs)        00115A
__S1                     (abs)        00002E
__S4                     (abs)        000000
__S5                     (abs)        000000
___heap_hi               (abs)        000000
___heap_lo               (abs)        000000
___inthi_sp              stack        000000
___intlo_sp              stack        000000
___lmul                  text4        000ECA
___lmul@multiplicand     cstackCOMRAM 00001A
___lmul@multiplier       cstackCOMRAM 000016
___lmul@product          cstackCOMRAM 00001E
___lwdiv                 text3        000F76
___lwdiv@counter         cstackCOMRAM 000022
___lwdiv@dividend        cstackCOMRAM 00001C
___lwdiv@divisor         cstackCOMRAM 00001E
___lwdiv@quotient        cstackCOMRAM 000020
___lwmod                 text2        000FC8
___lwmod@counter         cstackCOMRAM 00001A
___lwmod@dividend        cstackCOMRAM 000016
___lwmod@divisor         cstackCOMRAM 000018
___param_bank            (abs)        000000
___rparam_used           (abs)        000001
___sp                    stack        000000
___wmul                  text1        0010BC
___wmul@multiplicand     cstackCOMRAM 000018
___wmul@multiplier       cstackCOMRAM 000016
___wmul@product          cstackCOMRAM 00001A
__accesstop              (abs)        000060
__activetblptr           (abs)        000002
__end_of_BorraLCD        text9        001140
__end_of_ColorRGB        text14       000ECA
__end_of_DireccionaLCD   text10       00112C
__end_of_EnviaDato       text11       001156
__end_of_EscribeLCD_c    text6        001116
__end_of_HabilitaLCD     text13       00114E
__end_of_ISR             intcode_body 001100
__end_of_InicializaLCD   text8        00104C
__end_of_LeerTeclado     text7        000E50
__end_of_MensajeLCD_Word text5        0010BC
__end_of_RetardoLCD      text12       000F76
__end_of___lmul          text4        000F20
__end_of___lwdiv         text3        000FC8
__end_of___lwmod         text2        00100A
__end_of___wmul          text1        0010E2
__end_of__initialization cinit        001078
__end_of_main            text0        000DAE
__initialization         cinit        00104C
__mediumconst            mediumconst  000000
__pbssCOMRAM             bssCOMRAM    000001
__pcinit                 cinit        00104C
__pcstackCOMRAM          cstackCOMRAM 000016
__pdataCOMRAM            dataCOMRAM   000029
__pidataCOMRAM           idataCOMRAM  001156
__pintcode               intcode      000008
__pintcode_body          intcode_body 0010E2
__psmallconst            smallconst   000800
__ptext0                 text0        00081E
__ptext1                 text1        0010BC
__ptext10                text10       001116
__ptext11                text11       00114E
__ptext12                text12       000F20
__ptext13                text13       001140
__ptext14                text14       000E50
__ptext2                 text2        000FC8
__ptext3                 text3        000F76
__ptext4                 text4        000ECA
__ptext5                 text5        001086
__ptext6                 text6        001100
__ptext7                 text7        000DAE
__ptext8                 text8        00100A
__ptext9                 text9        00112C
__ramtop                 ramtop       000800
__smallconst             smallconst   000800
_color                   bssCOMRAM    000009
_i                       bssCOMRAM    00000B
_interfaz                dataCOMRAM   00002C
_m                       bssCOMRAM    000012
_main                    text0        00081E
_n1                      bssCOMRAM    00000F
_n1c                     dataCOMRAM   00002A
_n2                      bssCOMRAM    00000D
_n2c                     dataCOMRAM   000029
_op                      dataCOMRAM   00002B
_partdecl                bssCOMRAM    000005
_r                       bssCOMRAM    000001
btemp                    temp         00002D
end_of_initialization    cinit        001078
int$flags                temp         00002D
int_func                 intcode_body 0010E2
intlevel0                text         000000
intlevel1                text         000000
intlevel2                text         000000
intlevel3                text         000000
isa$std                  (abs)        000001
isa$xinst                (abs)        000000
main@i                   cstackCOMRAM 000027
stackhi                  (abs)        000000
stacklo                  (abs)        000000
start                    init         00000E
start_initialization     cinit        00104C
ttemp5                   temp         00002E
ttemp6                   temp         000031
ttemp7                   temp         000035
wtemp8                   temp         00002E


MODULE INFORMATION

Module		Function		Class		Link	Load	Size
LibLCDXC8.h
		_DireccionaLCD 		CODE           	1116	0000	22
		_InicializaLCD 		CODE           	100A	0000	66
		_EnviaDato     		CODE           	114E	0000	8
		_EscribeLCD_c  		CODE           	1100	0000	22
		_HabilitaLCD   		CODE           	1140	0000	14
		_BorraLCD      		CODE           	112C	0000	20
		_RetardoLCD    		CODE           	0F20	0000	86
		_MensajeLCD_Word		CODE           	1086	0000	54

LibLCDXC8.h estimated size: 292

C:\Program Files\Microchip\xc8\v2.40\pic\sources\c90\common\Umul16.c
		___wmul        		CODE           	10BC	0000	38

C:\Program Files\Microchip\xc8\v2.40\pic\sources\c90\common\Umul16.c estimated size: 38

Laboratorio4.c
		_ColorRGB      		CODE           	0E50	0000	122
		_ISR           		CODE           	0008	0000	36
		_main          		CODE           	081E	0000	1424
		_LeerTeclado   		CODE           	0DAE	0000	162

Laboratorio4.c estimated size: 1744

C:\Program Files\Microchip\xc8\v2.40\pic\sources\c90\common\lwmod.c
		___lwmod       		CODE           	0FC8	0000	66

C:\Program Files\Microchip\xc8\v2.40\pic\sources\c90\common\lwmod.c estimated size: 66

shared
		__initialization		CODE           	104C	0000	44

shared estimated size: 44

C:\Program Files\Microchip\xc8\v2.40\pic\sources\c90\common\Umul32.c
		___lmul        		CODE           	0ECA	0000	86

C:\Program Files\Microchip\xc8\v2.40\pic\sources\c90\common\Umul32.c estimated size: 86

C:\Program Files\Microchip\xc8\v2.40\pic\sources\c90\common\lwdiv.c
		___lwdiv       		CODE           	0F76	0000	82

C:\Program Files\Microchip\xc8\v2.40\pic\sources\c90\common\lwdiv.c estimated size: 82

