Microchip MPLAB XC8 Compiler V2.40

Linker command line:

-W-3 \
  --edf=C:\Program Files\Microchip\xc8\v2.40\pic\dat\20220703182018_en.msgs \
  -cn -h+dist/default/production\Laboratorio4.X.production.sym \
  --cmf=dist/default/production\Laboratorio4.X.production.cmf -z -Q18F4550 \
  -oC:\Users\Andres\AppData\Local\Temp\xcAs6b8.4 \
  -Mdist/default/production/Laboratorio4.X.production.map \
  --md=C:\Users\Andres\AppData\Local\Temp\xcAs6b8.dat -E1 -ver=XC8 Compiler \
  -ACODE=00h-07FFFh -ACONST=00h-07FFFh -ASMALLCONST=0800h-08FFhx120 \
  -AMEDIUMCONST=0800h-07FFFh -ACOMRAM=01h-05Fh -AABS1=00h-07FFh \
  -ABIGRAM=01h-07FFh -ARAM=060h-0FFh,0100h-01FFhx7 -ABANK0=060h-0FFh \
  -ABANK1=0100h-01FFh -ABANK2=0200h-02FFh -ABANK3=0300h-03FFh \
  -ABANK4=0400h-04FFh -ABANK5=0500h-05FFh -ABANK6=0600h-06FFh \
  -ABANK7=0700h-07FFh -ASFR=0F60h-0FFFh -ABIGSFR=0F60h-0FFFh \
  -ACONFIG=0300000h-030000Dh -AIDLOC=0200000h-0200007h \
  -AEEDATA=0F00000h-0F000FFh -peeprom_data=EEDATA \
  -preset_vec=00h,intcode,intcodelo,powerup,init -pramtop=0800h \
  -psmallconst=SMALLCONST -pmediumconst=MEDIUMCONST -pconst=CONST \
  -AFARRAM=00h-00h \
  -prdata=COMRAM,nvrram=COMRAM,nvbit=COMRAM,rbss=COMRAM,rbit=COMRAM \
  -pfarbss=FARRAM,fardata=FARRAM,nvFARRAM=FARRAM \
  -pintsave_regs=BIGRAM,bigbss=BIGRAM,bigdata=BIGRAM -pbss=RAM \
  -pidata=CODE,irdata=CODE,ibigdata=CODE,ifardata=CODE -prparam=COMRAM \
  C:\Users\Andres\AppData\Local\Temp\xcAs6b8.obj \
  dist/default/production\Laboratorio4.X.production.obj 

Object code version is 3.11

Machine type is 18F4550



                Name                               Link     Load   Length Selector   Space Scale
C:\Users\Andres\AppData\Local\Temp\xcAs6b8.obj
                idloc                            200000   200000        8        0       5
                config                           300000   300000        E        0       4
                init                                  0        0        4        0       0
dist/default/production\Laboratorio4.X.production.obj
                idloc                            200000   200000        8        0       5
                config                           300000   300000        E        0       4
                text10                             7D52     7D52        E     3EA9       0
                text9                              7E62     7E62       56     3F31       0
                text8                              7D4A     7D4A        8     3EA5       0
                text7                              7D74     7D74       16     3EBA       0
                text6                              7D8A     7D8A       16     3EC5       0
                text5                              7DE6     7DE6       3A     3EF3       0
                text4                              7DBC     7DBC       2A     3EDE       0
                text3                              7F1A     7F1A       E6     3F8D       0
                text2                              7D60     7D60       14     3EB0       0
                text1                              7E20     7E20       42     3F10       0
                text0                              7EB8     7EB8       62     3F5C       0
                cstackCOMRAM                          1        1        D        1       1
                dataCOMRAM                            E        E        1        1       1
                cinit                              7DA0     7DA0       1C     3ED0       0
                idataCOMRAM                        7D49     7D49        1     7D49       0

TOTAL           Name                               Link     Load   Length     Space
        CLASS   CODE           
                init                                  0        0        4         0
                text10                             7D52     7D52        E         0
                text9                              7E62     7E62       56         0
                text8                              7D4A     7D4A        8         0
                text7                              7D74     7D74       16         0
                text6                              7D8A     7D8A       16         0
                text5                              7DE6     7DE6       3A         0
                text4                              7DBC     7DBC       2A         0
                text3                              7F1A     7F1A       E6         0
                text2                              7D60     7D60       14         0
                text1                              7E20     7E20       42         0
                text0                              7EB8     7EB8       62         0
                cinit                              7DA0     7DA0       1C         0
                idataCOMRAM                        7D49     7D49        1         0

        CLASS   CONST          

        CLASS   SMALLCONST     

        CLASS   MEDIUMCONST    

        CLASS   COMRAM         
                cstackCOMRAM                          1        1        D         1
                dataCOMRAM                            E        E        1         1

        CLASS   ABS1           

        CLASS   BIGRAM         

        CLASS   RAM            

        CLASS   BANK0          

        CLASS   BANK1          

        CLASS   BANK2          

        CLASS   BANK3          

        CLASS   BANK4          

        CLASS   BANK5          

        CLASS   BANK6          

        CLASS   BANK7          

        CLASS   SFR            

        CLASS   BIGSFR         

        CLASS   CONFIG         
                config                           300000   300000        E         4

        CLASS   IDLOC          
                idloc                            200000   200000        8         5

        CLASS   EEDATA         

        CLASS   FARRAM         

        CLASS   HEAP           

        CLASS   STACK          



SEGMENTS        Name                           Load    Length   Top    Selector   Space  Class

                reset_vec                      000000  000004  000004         0       0  CODE    
                cstackCOMRAM                   000001  00000E  00000F         1       1  COMRAM  
                idataCOMRAM                    007D49  000001  007D4A      7D49       0  CODE    
                text8                          007D4A  000008  007D52      3EA5       0  CODE    
                text10                         007D52  00000E  007D60      3EA9       0  CODE    
                text2                          007D60  000014  007D74      3EB0       0  CODE    
                text7                          007D74  000016  007D8A      3EBA       0  CODE    
                text6                          007D8A  000016  007DA0      3EC5       0  CODE    
                cinit                          007DA0  00001C  007DBC      3ED0       0  CODE    
                text4                          007DBC  00002A  007DE6      3EDE       0  CODE    
                text5                          007DE6  00003A  007E20      3EF3       0  CODE    
                text1                          007E20  000042  007E62      3F10       0  CODE    
                text9                          007E62  000056  007EB8      3F31       0  CODE    
                text0                          007EB8  000062  007F1A      3F5C       0  CODE    
                text3                          007F1A  0000E6  008000      3F8D       0  CODE    


UNUSED ADDRESS RANGES

        Name                Unused          Largest block    Delta
        BANK0            000060-0000FF               A0
        BANK1            000100-0001FF              100
        BANK2            000200-0002FF              100
        BANK3            000300-0003FF              100
        BANK4            000400-0004FF              100
        BANK5            000500-0005FF              100
        BANK6            000600-0006FF              100
        BANK7            000700-0007FF              100
        BIGRAM           00000F-0007FF              7F1
        BIGSFR           000F60-000FFF               A0
        CODE             000004-007D48             7D45
        COMRAM           00000F-00005F               51
        CONST            000004-007D48             7D45
        EEDATA           F00000-F000FF              100
        MEDIUMCONST      000800-007D48             7549
        RAM              000060-0007FF              100
        SFR              000F60-000FFF               A0
        SMALLCONST       000800-007D48              100

                                  Symbol Table

DireccionaLCD@a          cstackCOMRAM 000004
EnviaDato@a              cstackCOMRAM 000003
EscribeLCD_c@a           cstackCOMRAM 000004
EscribeLCD_n8@a          cstackCOMRAM 00000D
EscribeLCD_n8@b          cstackCOMRAM 000009
EscribeLCD_n8@centena    cstackCOMRAM 00000A
EscribeLCD_n8@decena     cstackCOMRAM 00000B
EscribeLCD_n8@unidad     cstackCOMRAM 00000C
RetardoLCD@a             cstackCOMRAM 000002
_ADCON1                  (abs)        000FC1
_BorraLCD                text2        007D60
_DireccionaLCD           text7        007D74
_EnviaDato               text8        007D4A
_EscribeLCD_c            text6        007D8A
_EscribeLCD_n8           text3        007F1A
_HabilitaLCD             text10       007D52
_InicializaLCD           text1        007E20
_LATD                    (abs)        000F8C
_LATE0                   (abs)        007C68
_LATE1                   (abs)        007C69
_RetardoLCD              text9        007E62
_TRISD                   (abs)        000F95
_TRISE                   (abs)        000F96
__HRAM                   (abs)        000000
__Habs1                  abs1         000000
__Hbank0                 bank0        000000
__Hbank1                 bank1        000000
__Hbank2                 bank2        000000
__Hbank3                 bank3        000000
__Hbank4                 bank4        000000
__Hbank5                 bank5        000000
__Hbank6                 bank6        000000
__Hbank7                 bank7        000000
__Hbigbss                bigbss       000000
__Hbigdata               bigdata      000000
__Hbigram                bigram       000000
__Hbigsfr                bigsfr       000000
__Hbss                   bss          000000
__Hcinit                 cinit        000000
__Hclrtext               clrtext      000000
__Hcomram                comram       000000
__Hconfig                config       30000E
__Hconst                 const        000000
__HcstackCOMRAM          cstackCOMRAM 000000
__Hdata                  data         000000
__HdataCOMRAM            dataCOMRAM   000000
__Heeprom_data           eeprom_data  000000
__Hfarbss                farbss       000000
__Hfardata               fardata      000000
__Hheap                  heap         000000
__Hibigdata              ibigdata     000000
__Hidata                 idata        000000
__HidataCOMRAM           idataCOMRAM  000000
__Hidloc                 idloc        200008
__Hifardata              ifardata     000000
__Hinit                  init         000004
__Hintcode               intcode      000000
__Hintcode_body          intcode_body 000000
__Hintcodelo             intcodelo    000000
__Hintentry              intentry     000000
__Hintret                intret       000000
__Hintsave_regs          intsave_regs 000000
__Hirdata                irdata       000000
__Hmediumconst           mediumconst  000000
__HnvFARRAM              nvFARRAM     000000
__Hnvbit                 nvbit        000000
__Hnvrram                nvrram       000000
__Hparam                 rparam       000000
__Hpowerup               powerup      000000
__Hram                   ram          000000
__Hramtop                ramtop       000800
__Hrbit                  rbit         000000
__Hrbss                  rbss         000000
__Hrdata                 rdata        000000
__Hreset_vec             reset_vec    000000
__Hrparam                rparam       000000
__Hsfr                   sfr          000000
__Hsmallconst            smallconst   000000
__Hspace_0               (abs)        008000
__Hspace_1               (abs)        00000F
__Hspace_2               (abs)        000000
__Hspace_4               (abs)        60000E
__Hstack                 stack        000000
__Hstruct                struct       000000
__Htemp                  temp         000000
__Htext                  text         000000
__Htext0                 text0        000000
__Htext1                 text1        000000
__Htext10                text10       000000
__Htext2                 text2        000000
__Htext3                 text3        000000
__Htext4                 text4        000000
__Htext5                 text5        000000
__Htext6                 text6        000000
__Htext7                 text7        000000
__Htext8                 text8        000000
__Htext9                 text9        000000
__LRAM                   (abs)        000001
__Labs1                  abs1         000000
__Lbank0                 bank0        000000
__Lbank1                 bank1        000000
__Lbank2                 bank2        000000
__Lbank3                 bank3        000000
__Lbank4                 bank4        000000
__Lbank5                 bank5        000000
__Lbank6                 bank6        000000
__Lbank7                 bank7        000000
__Lbigbss                bigbss       000000
__Lbigdata               bigdata      000000
__Lbigram                bigram       000000
__Lbigsfr                bigsfr       000000
__Lbss                   bss          000000
__Lcinit                 cinit        000000
__Lclrtext               clrtext      000000
__Lcomram                comram       000000
__Lconfig                config       000000
__Lconst                 const        000000
__LcstackCOMRAM          cstackCOMRAM 000000
__Ldata                  data         000000
__LdataCOMRAM            dataCOMRAM   000000
__Leeprom_data           eeprom_data  000000
__Lfarbss                farbss       000000
__Lfardata               fardata      000000
__Lheap                  heap         000000
__Libigdata              ibigdata     000000
__Lidata                 idata        000000
__LidataCOMRAM           idataCOMRAM  000000
__Lidloc                 idloc        000000
__Lifardata              ifardata     000000
__Linit                  init         000000
__Lintcode               intcode      000000
__Lintcode_body          intcode_body 000000
__Lintcodelo             intcodelo    000000
__Lintentry              intentry     000000
__Lintret                intret       000000
__Lintsave_regs          intsave_regs 000000
__Lirdata                irdata       000000
__Lmediumconst           mediumconst  000000
__LnvFARRAM              nvFARRAM     000000
__Lnvbit                 nvbit        000000
__Lnvrram                nvrram       000000
__Lparam                 rparam       000000
__Lpowerup               powerup      000000
__Lram                   ram          000000
__Lramtop                ramtop       000800
__Lrbit                  rbit         000000
__Lrbss                  rbss         000000
__Lrdata                 rdata        000000
__Lreset_vec             reset_vec    000000
__Lrparam                rparam       000000
__Lsfr                   sfr          000000
__Lsmallconst            smallconst   000000
__Lspace_0               (abs)        000000
__Lspace_1               (abs)        000000
__Lspace_2               (abs)        000000
__Lspace_4               (abs)        000000
__Lstack                 stack        000000
__Lstruct                struct       000000
__Ltemp                  temp         000000
__Ltext                  text         000000
__Ltext0                 text0        000000
__Ltext1                 text1        000000
__Ltext10                text10       000000
__Ltext2                 text2        000000
__Ltext3                 text3        000000
__Ltext4                 text4        000000
__Ltext5                 text5        000000
__Ltext6                 text6        000000
__Ltext7                 text7        000000
__Ltext8                 text8        000000
__Ltext9                 text9        000000
__S0                     (abs)        008000
__S1                     (abs)        00000F
__S4                     (abs)        000000
__S5                     (abs)        000000
___heap_hi               (abs)        000000
___heap_lo               (abs)        000000
___inthi_sp              stack        000000
___intlo_sp              stack        000000
___lbdiv                 text5        007DE6
___lbdiv@counter         cstackCOMRAM 000007
___lbdiv@dividend        cstackCOMRAM 000006
___lbdiv@divisor         cstackCOMRAM 000005
___lbdiv@quotient        cstackCOMRAM 000008
___lbmod                 text4        007DBC
___lbmod@counter         cstackCOMRAM 000003
___lbmod@dividend        cstackCOMRAM 000002
___lbmod@divisor         cstackCOMRAM 000001
___lbmod@rem             cstackCOMRAM 000004
___param_bank            (abs)        000000
___rparam_used           (abs)        000001
___sp                    stack        000000
__accesstop              (abs)        000060
__activetblptr           (abs)        000002
__end_of_BorraLCD        text2        007D74
__end_of_DireccionaLCD   text7        007D8A
__end_of_EnviaDato       text8        007D52
__end_of_EscribeLCD_c    text6        007DA0
__end_of_EscribeLCD_n8   text3        008000
__end_of_HabilitaLCD     text10       007D60
__end_of_InicializaLCD   text1        007E62
__end_of_RetardoLCD      text9        007EB8
__end_of___lbdiv         text5        007E20
__end_of___lbmod         text4        007DE6
__end_of__initialization cinit        007DB2
__end_of_main            text0        007F1A
__initialization         cinit        007DA0
__mediumconst            mediumconst  000000
__pcinit                 cinit        007DA0
__pcstackCOMRAM          cstackCOMRAM 000001
__pdataCOMRAM            dataCOMRAM   00000E
__pidataCOMRAM           idataCOMRAM  007D49
__ptext0                 text0        007EB8
__ptext1                 text1        007E20
__ptext10                text10       007D52
__ptext2                 text2        007D60
__ptext3                 text3        007F1A
__ptext4                 text4        007DBC
__ptext5                 text5        007DE6
__ptext6                 text6        007D8A
__ptext7                 text7        007D74
__ptext8                 text8        007D4A
__ptext9                 text9        007E62
__ramtop                 ramtop       000800
__smallconst             smallconst   000000
_interfaz                dataCOMRAM   00000E
_main                    text0        007EB8
end_of_initialization    cinit        007DB2
intlevel0                text         000000
intlevel1                text         000000
intlevel2                text         000000
intlevel3                text         000000
isa$std                  (abs)        000001
isa$xinst                (abs)        000000
stackhi                  (abs)        000000
stacklo                  (abs)        000000
start                    init         000000
start_initialization     cinit        007DA0


MODULE INFORMATION

Module		Function		Class		Link	Load	Size
LibLCDXC8.h
		_DireccionaLCD 		CODE           	7D74	0000	22
		_InicializaLCD 		CODE           	7E20	0000	66
		_EnviaDato     		CODE           	7D4A	0000	8
		_EscribeLCD_c  		CODE           	7D8A	0000	22
		_HabilitaLCD   		CODE           	7D52	0000	14
		_EscribeLCD_n8 		CODE           	7F1A	0000	230
		_BorraLCD      		CODE           	7D60	0000	20
		_RetardoLCD    		CODE           	7E62	0000	86

LibLCDXC8.h estimated size: 468

C:\Program Files\Microchip\xc8\v2.40\pic\sources\c90\common\lbmod.c
		___lbmod       		CODE           	7DBC	0000	42

C:\Program Files\Microchip\xc8\v2.40\pic\sources\c90\common\lbmod.c estimated size: 42

Laboratorio4.c
		_main          		CODE           	7EB8	0000	98

Laboratorio4.c estimated size: 98

C:\Program Files\Microchip\xc8\v2.40\pic\sources\c90\common\lbdiv.c
		___lbdiv       		CODE           	7DE6	0000	58

C:\Program Files\Microchip\xc8\v2.40\pic\sources\c90\common\lbdiv.c estimated size: 58

shared
		__initialization		CODE           	7DA0	0000	18

shared estimated size: 18

