Microchip MPLAB XC8 Compiler V2.40

Linker command line:

-W-3 \
  --edf=C:\Program Files\Microchip\xc8\v2.40\pic\dat\20220703182018_en.msgs \
  -cn -h+dist/default/production\Laboratorio4.X.production.sym \
  --cmf=dist/default/production\Laboratorio4.X.production.cmf -z -Q18F4550 \
  -oC:\Users\Andres\AppData\Local\Temp\xcAs610.4 \
  -Mdist/default/production/Laboratorio4.X.production.map \
  --md=C:\Users\Andres\AppData\Local\Temp\xcAs610.dat -E1 -ver=XC8 Compiler \
  -ACODE=00h-07FFFh -ACONST=00h-07FFFh -ASMALLCONST=0800h-08FFhx120 \
  -AMEDIUMCONST=0800h-07FFFh -ACOMRAM=01h-05Fh -AABS1=00h-07FFh \
  -ABIGRAM=01h-07FFh -ARAM=060h-0FFh,0100h-01FFhx7 -ABANK0=060h-0FFh \
  -ABANK1=0100h-01FFh -ABANK2=0200h-02FFh -ABANK3=0300h-03FFh \
  -ABANK4=0400h-04FFh -ABANK5=0500h-05FFh -ABANK6=0600h-06FFh \
  -ABANK7=0700h-07FFh -ASFR=0F60h-0FFFh -ABIGSFR=0F60h-0FFFh \
  -ACONFIG=0300000h-030000Dh -AIDLOC=0200000h-0200007h \
  -AEEDATA=0F00000h-0F000FFh -peeprom_data=EEDATA \
  -preset_vec=00h,intcode=08h,intcodelo,powerup,init -pramtop=0800h \
  -psmallconst=SMALLCONST -pmediumconst=MEDIUMCONST -pconst=CONST \
  -AFARRAM=00h-00h \
  -prdata=COMRAM,nvrram=COMRAM,nvbit=COMRAM,rbss=COMRAM,rbit=COMRAM \
  -pfarbss=FARRAM,fardata=FARRAM,nvFARRAM=FARRAM \
  -pintsave_regs=BIGRAM,bigbss=BIGRAM,bigdata=BIGRAM -pbss=RAM \
  -pidata=CODE,irdata=CODE,ibigdata=CODE,ifardata=CODE -prparam=COMRAM \
  C:\Users\Andres\AppData\Local\Temp\xcAs610.obj \
  dist/default/production\Laboratorio4.X.production.obj 

Object code version is 3.11

Machine type is 18F4550



                Name                               Link     Load   Length Selector   Space Scale
C:\Users\Andres\AppData\Local\Temp\xcAs610.obj
                idloc                            200000   200000        8        0       5
                config                           300000   300000        E        0       4
                init                                  E        E        4        4       0
                reset_vec                             0        0        4        0       0
dist/default/production\Laboratorio4.X.production.obj
                intcode                               8        8        6        4       0
                idloc                            200000   200000        8        0       5
                config                           300000   300000        E        0       4
                temp                                 31       31        1        1       1
                smallconst                          800      800       1E      400       0
                intcode_body                        EDE      EDE       5A      40F       0
                text14                              E64      E64       7A      40F       0
                text13                             1190     1190        E      40F       0
                text12                              F8E      F8E       56      40F       0
                text11                             119E     119E        8      40F       0
                text10                             1166     1166       16      40F       0
                text9                              117C     117C       14      40F       0
                text8                              1078     1078       42      40F       0
                text7                               DBA      DBA       AA      40F       0
                text6                              1150     1150       16      40F       0
                text5                              10F4     10F4       36      40F       0
                text4                               F38      F38       56      40F       0
                text3                               FE4      FE4       52      40F       0
                text2                              1036     1036       42      40F       0
                text1                              112A     112A       26      40F       0
                text0                               81E      81E      59C      40F       0
                cstackCOMRAM                         1A       1A       13        1       1
                dataCOMRAM                           2D       2D        4        1       1
                bssCOMRAM                             1        1       19        1       1
                cinit                              10BA     10BA       3A      40F       0
                idataCOMRAM                        11A6     11A6        4      40F       0

TOTAL           Name                               Link     Load   Length     Space
        CLASS   CODE           
                intcode                               8        8        6         0
                init                                  E        E        4         0
                reset_vec                             0        0        4         0
                intcode_body                        EDE      EDE       5A         0
                text14                              E64      E64       7A         0
                text13                             1190     1190        E         0
                text12                              F8E      F8E       56         0
                text11                             119E     119E        8         0
                text10                             1166     1166       16         0
                text9                              117C     117C       14         0
                text8                              1078     1078       42         0
                text7                               DBA      DBA       AA         0
                text6                              1150     1150       16         0
                text5                              10F4     10F4       36         0
                text4                               F38      F38       56         0
                text3                               FE4      FE4       52         0
                text2                              1036     1036       42         0
                text1                              112A     112A       26         0
                text0                               81E      81E      59C         0
                cinit                              10BA     10BA       3A         0
                idataCOMRAM                        11A6     11A6        4         0

        CLASS   CONST          

        CLASS   SMALLCONST     
                smallconst                          800      800       1E         0

        CLASS   MEDIUMCONST    

        CLASS   COMRAM         
                temp                                 31       31        1         1
                cstackCOMRAM                         1A       1A       13         1
                dataCOMRAM                           2D       2D        4         1
                bssCOMRAM                             1        1       19         1

        CLASS   ABS1           

        CLASS   BIGRAM         

        CLASS   RAM            

        CLASS   BANK0          

        CLASS   BANK1          

        CLASS   BANK2          

        CLASS   BANK3          

        CLASS   BANK4          

        CLASS   BANK5          

        CLASS   BANK6          

        CLASS   BANK7          

        CLASS   SFR            

        CLASS   BIGSFR         

        CLASS   CONFIG         
                config                           300000   300000        E         4

        CLASS   IDLOC          
                idloc                            200000   200000        8         5

        CLASS   EEDATA         

        CLASS   FARRAM         

        CLASS   HEAP           

        CLASS   STACK          



SEGMENTS        Name                           Load    Length   Top    Selector   Space  Class

                reset_vec                      000000  000004  000004         0       0  CODE    
                bssCOMRAM                      000001  000031  000032         1       1  COMRAM  
                intcode                        000008  00000A  000012         4       0  CODE    
                smallconst                     000800  00001E  00081E       400       0  SMALLCON
                text0                          00081E  00098C  0011AA       40F       0  CODE    


UNUSED ADDRESS RANGES

        Name                Unused          Largest block    Delta
        BANK0            000060-0000FF               A0
        BANK1            000100-0001FF              100
        BANK2            000200-0002FF              100
        BANK3            000300-0003FF              100
        BANK4            000400-0004FF              100
        BANK5            000500-0005FF              100
        BANK6            000600-0006FF              100
        BANK7            000700-0007FF              100
        BIGRAM           000032-0007FF              7CE
        BIGSFR           000F60-000FFF               A0
        CODE             000004-000007                4
                         000012-0007FF              7EE
                         0011AA-007FFF             6E56
        COMRAM           000032-00005F               2E
        CONST            000004-000007                4
                         000012-0007FF              7EE
                         0011AA-007FFF             6E56
        EEDATA           F00000-F000FF              100
        MEDIUMCONST      0011AA-007FFF             6E56
        RAM              000060-0007FF              100
        SFR              000F60-000FFF               A0
        SMALLCONST       0011AA-007FFF              100

                                  Symbol Table

?___lmul                 cstackCOMRAM 00001A
?___lwdiv                cstackCOMRAM 000020
?___lwmod                cstackCOMRAM 00001A
?___wmul                 cstackCOMRAM 00001A
DireccionaLCD@a          cstackCOMRAM 00001D
EnviaDato@a              cstackCOMRAM 00001C
EscribeLCD_c@a           cstackCOMRAM 00001D
MensajeLCD_Word@a        cstackCOMRAM 00001E
MensajeLCD_Word@i        cstackCOMRAM 000020
RetardoLCD@a             cstackCOMRAM 00001B
_ADCON1                  (abs)        000FC1
_BorraLCD                text9        00117C
_ColorRGB                text14       000E64
_DireccionaLCD           text10       001166
_EnviaDato               text11       00119E
_EscribeLCD_c            text6        001150
_GIE                     (abs)        007F97
_HabilitaLCD             text13       001190
_ISR                     intcode      000008
_InicializaLCD           text8        001078
_LATB                    (abs)        000F8A
_LATC                    (abs)        000F8B
_LATC7                   (abs)        007C5F
_LATD                    (abs)        000F8C
_LATE0                   (abs)        007C68
_LATE1                   (abs)        007C69
_LATE2                   (abs)        007C6A
_LeerTeclado             text7        000DBA
_MensajeLCD_Word         text5        0010F4
_OSCCON                  (abs)        000FD3
_RB4                     (abs)        007C0C
_RB5                     (abs)        007C0D
_RB6                     (abs)        007C0E
_RB7                     (abs)        007C0F
_RBPU                    (abs)        007F8F
_RetardoLCD              text12       000F8E
_T0CON                   (abs)        000FD5
_TMR0                    (abs)        000FD6
_TMR0IE                  (abs)        007F95
_TMR0IF                  (abs)        007F92
_TMR0ON                  (abs)        007EAF
_TRISB                   (abs)        000F93
_TRISC                   (abs)        000F94
_TRISD                   (abs)        000F95
_TRISE                   (abs)        000F96
_Tecla                   bssCOMRAM    000015
__HRAM                   (abs)        000000
__Habs1                  abs1         000000
__Hbank0                 bank0        000000
__Hbank1                 bank1        000000
__Hbank2                 bank2        000000
__Hbank3                 bank3        000000
__Hbank4                 bank4        000000
__Hbank5                 bank5        000000
__Hbank6                 bank6        000000
__Hbank7                 bank7        000000
__Hbigbss                bigbss       000000
__Hbigdata               bigdata      000000
__Hbigram                bigram       000000
__Hbigsfr                bigsfr       000000
__Hbss                   bss          000000
__HbssCOMRAM             bssCOMRAM    000000
__Hcinit                 cinit        000000
__Hclrtext               clrtext      000000
__Hcomram                comram       000000
__Hconfig                config       30000E
__Hconst                 const        000000
__HcstackCOMRAM          cstackCOMRAM 000000
__Hdata                  data         000000
__HdataCOMRAM            dataCOMRAM   000000
__Heeprom_data           eeprom_data  000000
__Hfarbss                farbss       000000
__Hfardata               fardata      000000
__Hheap                  heap         000000
__Hibigdata              ibigdata     000000
__Hidata                 idata        000000
__HidataCOMRAM           idataCOMRAM  000000
__Hidloc                 idloc        200008
__Hifardata              ifardata     000000
__Hinit                  init         000012
__Hintcode               intcode      00000E
__Hintcode_body          intcode_body 000000
__Hintcodelo             intcodelo    00000E
__Hintentry              intentry     000000
__Hintret                intret       000000
__Hintsave_regs          intsave_regs 000000
__Hirdata                irdata       000000
__Hmediumconst           mediumconst  000000
__HnvFARRAM              nvFARRAM     000000
__Hnvbit                 nvbit        000000
__Hnvrram                nvrram       000000
__Hparam                 rparam       000000
__Hpowerup               powerup      00000E
__Hram                   ram          000000
__Hramtop                ramtop       000800
__Hrbit                  rbit         000000
__Hrbss                  rbss         000000
__Hrdata                 rdata        000000
__Hreset_vec             reset_vec    000004
__Hrparam                rparam       000000
__Hsfr                   sfr          000000
__Hsmallconst            smallconst   00081E
__Hspace_0               (abs)        0011AA
__Hspace_1               (abs)        000032
__Hspace_2               (abs)        000000
__Hspace_4               (abs)        60000E
__Hstack                 stack        000000
__Hstruct                struct       000000
__Htemp                  temp         000032
__Htext                  text         000000
__Htext0                 text0        000000
__Htext1                 text1        000000
__Htext10                text10       000000
__Htext11                text11       000000
__Htext12                text12       000000
__Htext13                text13       000000
__Htext14                text14       000000
__Htext2                 text2        000000
__Htext3                 text3        000000
__Htext4                 text4        000000
__Htext5                 text5        000000
__Htext6                 text6        000000
__Htext7                 text7        000000
__Htext8                 text8        000000
__Htext9                 text9        000000
__LRAM                   (abs)        000001
__Labs1                  abs1         000000
__Lbank0                 bank0        000000
__Lbank1                 bank1        000000
__Lbank2                 bank2        000000
__Lbank3                 bank3        000000
__Lbank4                 bank4        000000
__Lbank5                 bank5        000000
__Lbank6                 bank6        000000
__Lbank7                 bank7        000000
__Lbigbss                bigbss       000000
__Lbigdata               bigdata      000000
__Lbigram                bigram       000000
__Lbigsfr                bigsfr       000000
__Lbss                   bss          000000
__LbssCOMRAM             bssCOMRAM    000000
__Lcinit                 cinit        000000
__Lclrtext               clrtext      000000
__Lcomram                comram       000000
__Lconfig                config       000000
__Lconst                 const        000000
__LcstackCOMRAM          cstackCOMRAM 000000
__Ldata                  data         000000
__LdataCOMRAM            dataCOMRAM   000000
__Leeprom_data           eeprom_data  000000
__Lfarbss                farbss       000000
__Lfardata               fardata      000000
__Lheap                  heap         000000
__Libigdata              ibigdata     000000
__Lidata                 idata        000000
__LidataCOMRAM           idataCOMRAM  000000
__Lidloc                 idloc        000000
__Lifardata              ifardata     000000
__Linit                  init         00000E
__Lintcode               intcode      000008
__Lintcode_body          intcode_body 000000
__Lintcodelo             intcodelo    00000E
__Lintentry              intentry     000000
__Lintret                intret       000000
__Lintsave_regs          intsave_regs 000000
__Lirdata                irdata       000000
__Lmediumconst           mediumconst  000000
__LnvFARRAM              nvFARRAM     000000
__Lnvbit                 nvbit        000000
__Lnvrram                nvrram       000000
__Lparam                 rparam       000000
__Lpowerup               powerup      00000E
__Lram                   ram          000000
__Lramtop                ramtop       000800
__Lrbit                  rbit         000000
__Lrbss                  rbss         000000
__Lrdata                 rdata        000000
__Lreset_vec             reset_vec    000000
__Lrparam                rparam       000000
__Lsfr                   sfr          000000
__Lsmallconst            smallconst   000800
__Lspace_0               (abs)        000000
__Lspace_1               (abs)        000000
__Lspace_2               (abs)        000000
__Lspace_4               (abs)        000000
__Lstack                 stack        000000
__Lstruct                struct       000000
__Ltemp                  temp         000031
__Ltext                  text         000000
__Ltext0                 text0        000000
__Ltext1                 text1        000000
__Ltext10                text10       000000
__Ltext11                text11       000000
__Ltext12                text12       000000
__Ltext13                text13       000000
__Ltext14                text14       000000
__Ltext2                 text2        000000
__Ltext3                 text3        000000
__Ltext4                 text4        000000
__Ltext5                 text5        000000
__Ltext6                 text6        000000
__Ltext7                 text7        000000
__Ltext8                 text8        000000
__Ltext9                 text9        000000
__S0                     (abs)        0011AA
__S1                     (abs)        000032
__S4                     (abs)        000000
__S5                     (abs)        000000
___heap_hi               (abs)        000000
___heap_lo               (abs)        000000
___inthi_sp              stack        000000
___intlo_sp              stack        000000
___lmul                  text4        000F38
___lmul@multiplicand     cstackCOMRAM 00001E
___lmul@multiplier       cstackCOMRAM 00001A
___lmul@product          cstackCOMRAM 000022
___lwdiv                 text3        000FE4
___lwdiv@counter         cstackCOMRAM 000026
___lwdiv@dividend        cstackCOMRAM 000020
___lwdiv@divisor         cstackCOMRAM 000022
___lwdiv@quotient        cstackCOMRAM 000024
___lwmod                 text2        001036
___lwmod@counter         cstackCOMRAM 00001E
___lwmod@dividend        cstackCOMRAM 00001A
___lwmod@divisor         cstackCOMRAM 00001C
___param_bank            (abs)        000000
___rparam_used           (abs)        000001
___sp                    stack        000000
___wmul                  text1        00112A
___wmul@multiplicand     cstackCOMRAM 00001C
___wmul@multiplier       cstackCOMRAM 00001A
___wmul@product          cstackCOMRAM 00001E
__accesstop              (abs)        000060
__activetblptr           (abs)        000002
__end_of_BorraLCD        text9        001190
__end_of_ColorRGB        text14       000EDE
__end_of_DireccionaLCD   text10       00117C
__end_of_EnviaDato       text11       0011A6
__end_of_EscribeLCD_c    text6        001166
__end_of_HabilitaLCD     text13       00119E
__end_of_ISR             intcode_body 000F38
__end_of_InicializaLCD   text8        0010BA
__end_of_LeerTeclado     text7        000E64
__end_of_MensajeLCD_Word text5        00112A
__end_of_RetardoLCD      text12       000FE4
__end_of___lmul          text4        000F8E
__end_of___lwdiv         text3        001036
__end_of___lwmod         text2        001078
__end_of___wmul          text1        001150
__end_of__initialization cinit        0010E6
__end_of_main            text0        000DBA
__initialization         cinit        0010BA
__mediumconst            mediumconst  000000
__pbssCOMRAM             bssCOMRAM    000001
__pcinit                 cinit        0010BA
__pcstackCOMRAM          cstackCOMRAM 00001A
__pdataCOMRAM            dataCOMRAM   00002D
__pidataCOMRAM           idataCOMRAM  0011A6
__pintcode               intcode      000008
__pintcode_body          intcode_body 000EDE
__psmallconst            smallconst   000800
__ptext0                 text0        00081E
__ptext1                 text1        00112A
__ptext10                text10       001166
__ptext11                text11       00119E
__ptext12                text12       000F8E
__ptext13                text13       001190
__ptext14                text14       000E64
__ptext2                 text2        001036
__ptext3                 text3        000FE4
__ptext4                 text4        000F38
__ptext5                 text5        0010F4
__ptext6                 text6        001150
__ptext7                 text7        000DBA
__ptext8                 text8        001078
__ptext9                 text9        00117C
__ramtop                 ramtop       000800
__smallconst             smallconst   000800
_color                   bssCOMRAM    00000D
_contador                bssCOMRAM    00000B
_i                       bssCOMRAM    00000F
_interfaz                dataCOMRAM   000030
_m                       bssCOMRAM    000016
_main                    text0        00081E
_n1                      bssCOMRAM    000013
_n1c                     dataCOMRAM   00002E
_n2                      bssCOMRAM    000011
_n2c                     dataCOMRAM   00002D
_op                      dataCOMRAM   00002F
_partdecl                bssCOMRAM    000005
_r                       bssCOMRAM    000001
_verificador             bssCOMRAM    000009
btemp                    temp         000031
end_of_initialization    cinit        0010E6
int$flags                temp         000031
int_func                 intcode_body 000EDE
intlevel0                text         000000
intlevel1                text         000000
intlevel2                text         000000
intlevel3                text         000000
isa$std                  (abs)        000001
isa$xinst                (abs)        000000
main@i                   cstackCOMRAM 00002B
stackhi                  (abs)        000000
stacklo                  (abs)        000000
start                    init         00000E
start_initialization     cinit        0010BA
ttemp5                   temp         000032
ttemp6                   temp         000035
ttemp7                   temp         000039
wtemp8                   temp         000032


MODULE INFORMATION

Module		Function		Class		Link	Load	Size
LibLCDXC8.h
		_DireccionaLCD 		CODE           	1166	0000	22
		_InicializaLCD 		CODE           	1078	0000	66
		_EnviaDato     		CODE           	119E	0000	8
		_EscribeLCD_c  		CODE           	1150	0000	22
		_HabilitaLCD   		CODE           	1190	0000	14
		_BorraLCD      		CODE           	117C	0000	20
		_RetardoLCD    		CODE           	0F8E	0000	86
		_MensajeLCD_Word		CODE           	10F4	0000	54

LibLCDXC8.h estimated size: 292

C:\Program Files\Microchip\xc8\v2.40\pic\sources\c90\common\Umul16.c
		___wmul        		CODE           	112A	0000	38

C:\Program Files\Microchip\xc8\v2.40\pic\sources\c90\common\Umul16.c estimated size: 38

Laboratorio4.c
		_ColorRGB      		CODE           	0E64	0000	122
		_ISR           		CODE           	0008	0000	96
		_main          		CODE           	081E	0000	1436
		_LeerTeclado   		CODE           	0DBA	0000	170

Laboratorio4.c estimated size: 1824

C:\Program Files\Microchip\xc8\v2.40\pic\sources\c90\common\lwmod.c
		___lwmod       		CODE           	1036	0000	66

C:\Program Files\Microchip\xc8\v2.40\pic\sources\c90\common\lwmod.c estimated size: 66

shared
		__initialization		CODE           	10BA	0000	44

shared estimated size: 44

C:\Program Files\Microchip\xc8\v2.40\pic\sources\c90\common\Umul32.c
		___lmul        		CODE           	0F38	0000	86

C:\Program Files\Microchip\xc8\v2.40\pic\sources\c90\common\Umul32.c estimated size: 86

C:\Program Files\Microchip\xc8\v2.40\pic\sources\c90\common\lwdiv.c
		___lwdiv       		CODE           	0FE4	0000	82

C:\Program Files\Microchip\xc8\v2.40\pic\sources\c90\common\lwdiv.c estimated size: 82

